// Jest Snapshot v1, https://goo.gl/fbAQLP

exports[`chip should match a snapshot 1`] = `
<div>
  <div
    class="chip"
  >
    <span>
      Animal Messenger
    </span>
    <div
      class="wishList"
      data-testid="wishlistButton"
    >
      <i
        class="fa fa-heart"
      />
    </div>
  </div>
</div>
`;
